../Core/Src/main.c:88:5:main	8	static
../Core/Src/main.c:145:6:SystemClock_Config	120	static
../Core/Src/main.c:203:6:PeriphCommonClock_Config	192	static
../Core/Src/main.c:231:13:MX_CRC_Init	8	static
../Core/Src/main.c:262:13:MX_I2C4_Init	8	static
../Core/Src/main.c:310:13:MX_LTDC_Init	64	static
../Core/Src/main.c:372:13:MX_OCTOSPI1_Init	32	static
../Core/Src/main.c:423:13:MX_TIM3_Init	48	static
../Core/Src/main.c:472:13:MX_USART2_UART_Init	8	static
../Core/Src/main.c:516:13:MX_FMC_Init	40	static
../Core/Src/main.c:567:13:MX_GPIO_Init	64	static
../Core/Src/main.c:631:6:Error_Handler	4	static,ignoring_inline_asm
